Archive member included because of file (symbol)

c:/winavr-20100110/bin/../lib/gcc/avr/4.3.3/avr5\libgcc.a(_exit.o)
                              c:/winavr-20100110/bin/../lib/gcc/avr/4.3.3/../../../../avr/lib/avr5/crtm32.o (exit)
c:/winavr-20100110/bin/../lib/gcc/avr/4.3.3/avr5\libgcc.a(_copy_data.o)
                              ./HAL/KEYPAD/src/HAL_KEYPAD.o (__do_copy_data)
c:/winavr-20100110/bin/../lib/gcc/avr/4.3.3/avr5\libgcc.a(_clear_bss.o)
                              ./MCAL/interupts/src/MCAL_interrupts.o (__do_clear_bss)
c:/winavr-20100110/bin/../lib/gcc/avr/4.3.3/avr5\libgcc.a(_fixunssfsi.o)
                              ./HAL/LED/src/HAL_led.o (__fixunssfsi)
c:/winavr-20100110/bin/../lib/gcc/avr/4.3.3/avr5\libgcc.a(_addsub_sf.o)
                              c:/winavr-20100110/bin/../lib/gcc/avr/4.3.3/avr5\libgcc.a(_fixunssfsi.o) (__subsf3)
c:/winavr-20100110/bin/../lib/gcc/avr/4.3.3/avr5\libgcc.a(_mul_sf.o)
                              ./HAL/LED/src/HAL_led.o (__mulsf3)
c:/winavr-20100110/bin/../lib/gcc/avr/4.3.3/avr5\libgcc.a(_gt_sf.o)
                              ./HAL/LED/src/HAL_led.o (__gtsf2)
c:/winavr-20100110/bin/../lib/gcc/avr/4.3.3/avr5\libgcc.a(_ge_sf.o)
                              c:/winavr-20100110/bin/../lib/gcc/avr/4.3.3/avr5\libgcc.a(_fixunssfsi.o) (__gesf2)
c:/winavr-20100110/bin/../lib/gcc/avr/4.3.3/avr5\libgcc.a(_lt_sf.o)
                              ./HAL/LED/src/HAL_led.o (__ltsf2)
c:/winavr-20100110/bin/../lib/gcc/avr/4.3.3/avr5\libgcc.a(_sf_to_si.o)
                              c:/winavr-20100110/bin/../lib/gcc/avr/4.3.3/avr5\libgcc.a(_fixunssfsi.o) (__fixsfsi)
c:/winavr-20100110/bin/../lib/gcc/avr/4.3.3/avr5\libgcc.a(_thenan_sf.o)
                              c:/winavr-20100110/bin/../lib/gcc/avr/4.3.3/avr5\libgcc.a(_addsub_sf.o) (__thenan_sf)
c:/winavr-20100110/bin/../lib/gcc/avr/4.3.3/avr5\libgcc.a(_prologue.o)
                              c:/winavr-20100110/bin/../lib/gcc/avr/4.3.3/avr5\libgcc.a(_addsub_sf.o) (__prologue_saves__)
c:/winavr-20100110/bin/../lib/gcc/avr/4.3.3/avr5\libgcc.a(_epilogue.o)
                              c:/winavr-20100110/bin/../lib/gcc/avr/4.3.3/avr5\libgcc.a(_addsub_sf.o) (__epilogue_restores__)
c:/winavr-20100110/bin/../lib/gcc/avr/4.3.3/avr5\libgcc.a(_pack_sf.o)
                              c:/winavr-20100110/bin/../lib/gcc/avr/4.3.3/avr5\libgcc.a(_addsub_sf.o) (__pack_f)
c:/winavr-20100110/bin/../lib/gcc/avr/4.3.3/avr5\libgcc.a(_unpack_sf.o)
                              c:/winavr-20100110/bin/../lib/gcc/avr/4.3.3/avr5\libgcc.a(_addsub_sf.o) (__unpack_f)
c:/winavr-20100110/bin/../lib/gcc/avr/4.3.3/avr5\libgcc.a(_fpcmp_parts_sf.o)
                              c:/winavr-20100110/bin/../lib/gcc/avr/4.3.3/avr5\libgcc.a(_gt_sf.o) (__fpcmp_parts_f)
c:/winavr-20100110/bin/../lib/gcc/avr/4.3.3/../../../../avr/lib/avr5\libc.a(itoa.o)
                              ./HAL/LCD/src/HAL_lcd.o (itoa)
c:/winavr-20100110/bin/../lib/gcc/avr/4.3.3/../../../../avr/lib/avr5\libc.a(strrev.o)
                              c:/winavr-20100110/bin/../lib/gcc/avr/4.3.3/../../../../avr/lib/avr5\libc.a(itoa.o) (strrev)
c:/winavr-20100110/bin/../lib/gcc/avr/4.3.3/avr5\libgcc.a(_udivmodhi4.o)
                              c:/winavr-20100110/bin/../lib/gcc/avr/4.3.3/../../../../avr/lib/avr5\libc.a(itoa.o) (__udivmodhi4)

Allocating common symbols
Common symbol       size              file

cmCallback          0x2               ./MCAL/Timer/TIM0.o
ICU_CALLBACK_FUNC   0x2               ./MCAL/ICU/ICU.o
ADC_CALLBACK_FUNC   0x2               ./MCAL/ADC/ADC.o
ovfCallback         0x2               ./MCAL/Timer/TIM0.o

Memory Configuration

Name             Origin             Length             Attributes
text             0x00000000         0x00020000         xr
data             0x00800060         0x0000ffa0         rw !x
eeprom           0x00810000         0x00010000         rw !x
fuse             0x00820000         0x00000400         rw !x
lock             0x00830000         0x00000400         rw !x
signature        0x00840000         0x00000400         rw !x
*default*        0x00000000         0xffffffff

Linker script and memory map

LOAD c:/winavr-20100110/bin/../lib/gcc/avr/4.3.3/../../../../avr/lib/avr5/crtm32.o
LOAD ./MCAL/interupts/src/MCAL_interrupts.o
LOAD ./MCAL/WDG/WDG.o
LOAD ./MCAL/WDG/WDG_cfg.o
LOAD ./MCAL/UART/UART.o
LOAD ./MCAL/UART/UART_cfg.o
LOAD ./MCAL/Timer/TIM0.o
LOAD ./MCAL/Timer/TIM0_cfg.o
LOAD ./MCAL/SPI/SPI.o
LOAD ./MCAL/SPI/SPI_cfg.o
LOAD ./MCAL/ICU/ICU.o
LOAD ./MCAL/ICU/ICU_cfg.o
LOAD ./MCAL/I2C/I2C.o
LOAD ./MCAL/DIO/src/DIO.o
LOAD ./MCAL/ADC/ADC.o
LOAD ./MCAL/ADC/ADC_cfg.o
LOAD ./HAL/seven/src/HAL_seven.o
LOAD ./HAL/LED/src/HAL_led.o
LOAD ./HAL/LCD/src/HAL_lcd.o
LOAD ./HAL/KEYPAD/src/HAL_KEYPAD.o
LOAD ./HAL/BUTTON/src/HAL_BUTTON.o
LOAD ./LCD_main.o
LOAD ./LED_main.o
LOAD ./Seven_main.o
LOAD ./interrupts_main.o
LOAD ./maintest.o
LOAD ./timer2_main.o
LOAD ./timer_main.o
LOAD c:/winavr-20100110/bin/../lib/gcc/avr/4.3.3/avr5\libgcc.a
LOAD c:/winavr-20100110/bin/../lib/gcc/avr/4.3.3/../../../../avr/lib/avr5\libc.a
LOAD c:/winavr-20100110/bin/../lib/gcc/avr/4.3.3/avr5\libgcc.a

.hash
 *(.hash)

.dynsym
 *(.dynsym)

.dynstr
 *(.dynstr)

.gnu.version
 *(.gnu.version)

.gnu.version_d
 *(.gnu.version_d)

.gnu.version_r
 *(.gnu.version_r)

.rel.init
 *(.rel.init)

.rela.init
 *(.rela.init)

.rel.text
 *(.rel.text)
 *(.rel.text.*)
 *(.rel.gnu.linkonce.t*)

.rela.text
 *(.rela.text)
 *(.rela.text.*)
 *(.rela.gnu.linkonce.t*)

.rel.fini
 *(.rel.fini)

.rela.fini
 *(.rela.fini)

.rel.rodata
 *(.rel.rodata)
 *(.rel.rodata.*)
 *(.rel.gnu.linkonce.r*)

.rela.rodata
 *(.rela.rodata)
 *(.rela.rodata.*)
 *(.rela.gnu.linkonce.r*)

.rel.data
 *(.rel.data)
 *(.rel.data.*)
 *(.rel.gnu.linkonce.d*)

.rela.data
 *(.rela.data)
 *(.rela.data.*)
 *(.rela.gnu.linkonce.d*)

.rel.ctors
 *(.rel.ctors)

.rela.ctors
 *(.rela.ctors)

.rel.dtors
 *(.rel.dtors)

.rela.dtors
 *(.rela.dtors)

.rel.got
 *(.rel.got)

.rela.got
 *(.rela.got)

.rel.bss
 *(.rel.bss)

.rela.bss
 *(.rela.bss)

.rel.plt
 *(.rel.plt)

.rela.plt
 *(.rela.plt)

.text           0x00000000     0x3f80
 *(.vectors)
 .vectors       0x00000000       0x54 c:/winavr-20100110/bin/../lib/gcc/avr/4.3.3/../../../../avr/lib/avr5/crtm32.o
                0x00000000                __vectors
                0x00000000                __vector_default
 *(.vectors)
 *(.progmem.gcc*)
 *(.progmem*)
                0x00000054                . = ALIGN (0x2)
                0x00000054                __trampolines_start = .
 *(.trampolines)
 .trampolines   0x00000054        0x0 linker stubs
 *(.trampolines*)
                0x00000054                __trampolines_end = .
 *(.jumptables)
 *(.jumptables*)
 *(.lowtext)
 *(.lowtext*)
                0x00000054                __ctors_start = .
 *(.ctors)
                0x00000054                __ctors_end = .
                0x00000054                __dtors_start = .
 *(.dtors)
                0x00000054                __dtors_end = .
 SORT(*)(.ctors)
 SORT(*)(.dtors)
 *(.init0)
 .init0         0x00000054        0x0 c:/winavr-20100110/bin/../lib/gcc/avr/4.3.3/../../../../avr/lib/avr5/crtm32.o
                0x00000054                __init
 *(.init0)
 *(.init1)
 *(.init1)
 *(.init2)
 .init2         0x00000054        0xc c:/winavr-20100110/bin/../lib/gcc/avr/4.3.3/../../../../avr/lib/avr5/crtm32.o
 *(.init2)
 *(.init3)
 *(.init3)
 *(.init4)
 .init4         0x00000060       0x16 c:/winavr-20100110/bin/../lib/gcc/avr/4.3.3/avr5\libgcc.a(_copy_data.o)
                0x00000060                __do_copy_data
 .init4         0x00000076       0x10 c:/winavr-20100110/bin/../lib/gcc/avr/4.3.3/avr5\libgcc.a(_clear_bss.o)
                0x00000076                __do_clear_bss
 *(.init4)
 *(.init5)
 *(.init5)
 *(.init6)
 *(.init6)
 *(.init7)
 *(.init7)
 *(.init8)
 *(.init8)
 *(.init9)
 .init9         0x00000086        0x8 c:/winavr-20100110/bin/../lib/gcc/avr/4.3.3/../../../../avr/lib/avr5/crtm32.o
 *(.init9)
 *(.text)
 .text          0x0000008e        0x4 c:/winavr-20100110/bin/../lib/gcc/avr/4.3.3/../../../../avr/lib/avr5/crtm32.o
                0x0000008e                __bad_interrupt
                0x0000008e                __vector_11
                0x0000008e                __vector_17
                0x0000008e                __vector_19
                0x0000008e                __vector_7
                0x0000008e                __vector_5
                0x0000008e                __vector_4
                0x0000008e                __vector_9
                0x0000008e                __vector_15
                0x0000008e                __vector_8
                0x0000008e                __vector_10
                0x0000008e                __vector_18
                0x0000008e                __vector_20
 .text          0x00000092        0x0 ./MCAL/interupts/src/MCAL_interrupts.o
 .text          0x00000092        0x0 ./MCAL/WDG/WDG.o
 .text          0x00000092        0x0 ./MCAL/WDG/WDG_cfg.o
 .text          0x00000092        0x0 ./MCAL/UART/UART.o
 .text          0x00000092        0x0 ./MCAL/UART/UART_cfg.o
 .text          0x00000092        0x0 ./MCAL/Timer/TIM0.o
 .text          0x00000092        0x0 ./MCAL/Timer/TIM0_cfg.o
 .text          0x00000092        0x0 ./MCAL/SPI/SPI.o
 .text          0x00000092        0x0 ./MCAL/SPI/SPI_cfg.o
 .text          0x00000092        0x0 ./MCAL/ICU/ICU.o
 .text          0x00000092        0x0 ./MCAL/ICU/ICU_cfg.o
 .text          0x00000092        0x0 ./MCAL/I2C/I2C.o
 .text          0x00000092        0x0 ./MCAL/DIO/src/DIO.o
 .text          0x00000092        0x0 ./MCAL/ADC/ADC.o
 .text          0x00000092        0x0 ./MCAL/ADC/ADC_cfg.o
 .text          0x00000092        0x0 ./HAL/seven/src/HAL_seven.o
 .text          0x00000092        0x0 ./HAL/LED/src/HAL_led.o
 .text          0x00000092        0x0 ./HAL/LCD/src/HAL_lcd.o
 .text          0x00000092        0x0 ./HAL/KEYPAD/src/HAL_KEYPAD.o
 .text          0x00000092        0x0 ./HAL/BUTTON/src/HAL_BUTTON.o
 .text          0x00000092        0x0 ./LCD_main.o
 .text          0x00000092        0x0 ./LED_main.o
 .text          0x00000092        0x0 ./Seven_main.o
 .text          0x00000092        0x0 ./interrupts_main.o
 .text          0x00000092        0x0 ./maintest.o
 .text          0x00000092        0x0 ./timer2_main.o
 .text          0x00000092        0x0 ./timer_main.o
 .text          0x00000092        0x0 c:/winavr-20100110/bin/../lib/gcc/avr/4.3.3/avr5\libgcc.a(_exit.o)
 .text          0x00000092        0x0 c:/winavr-20100110/bin/../lib/gcc/avr/4.3.3/avr5\libgcc.a(_copy_data.o)
 .text          0x00000092        0x0 c:/winavr-20100110/bin/../lib/gcc/avr/4.3.3/avr5\libgcc.a(_clear_bss.o)
 .text          0x00000092       0x58 c:/winavr-20100110/bin/../lib/gcc/avr/4.3.3/avr5\libgcc.a(_fixunssfsi.o)
                0x00000092                __fixunssfsi
 .text          0x000000ea      0x354 c:/winavr-20100110/bin/../lib/gcc/avr/4.3.3/avr5\libgcc.a(_addsub_sf.o)
                0x00000382                __subsf3
                0x000003e4                __addsf3
 .text          0x0000043e      0x1f4 c:/winavr-20100110/bin/../lib/gcc/avr/4.3.3/avr5\libgcc.a(_mul_sf.o)
                0x0000043e                __mulsf3
 .text          0x00000632       0x60 c:/winavr-20100110/bin/../lib/gcc/avr/4.3.3/avr5\libgcc.a(_gt_sf.o)
                0x00000632                __gtsf2
 .text          0x00000692       0x60 c:/winavr-20100110/bin/../lib/gcc/avr/4.3.3/avr5\libgcc.a(_ge_sf.o)
                0x00000692                __gesf2
 .text          0x000006f2       0x60 c:/winavr-20100110/bin/../lib/gcc/avr/4.3.3/avr5\libgcc.a(_lt_sf.o)
                0x000006f2                __ltsf2
 .text          0x00000752       0xa8 c:/winavr-20100110/bin/../lib/gcc/avr/4.3.3/avr5\libgcc.a(_sf_to_si.o)
                0x00000752                __fixsfsi
 .text          0x000007fa        0x0 c:/winavr-20100110/bin/../lib/gcc/avr/4.3.3/avr5\libgcc.a(_thenan_sf.o)
 .text          0x000007fa        0x0 c:/winavr-20100110/bin/../lib/gcc/avr/4.3.3/avr5\libgcc.a(_prologue.o)
 .text          0x000007fa        0x0 c:/winavr-20100110/bin/../lib/gcc/avr/4.3.3/avr5\libgcc.a(_epilogue.o)
 .text          0x000007fa      0x1aa c:/winavr-20100110/bin/../lib/gcc/avr/4.3.3/avr5\libgcc.a(_pack_sf.o)
                0x000007fa                __pack_f
 .text          0x000009a4       0xf0 c:/winavr-20100110/bin/../lib/gcc/avr/4.3.3/avr5\libgcc.a(_unpack_sf.o)
                0x000009a4                __unpack_f
 .text          0x00000a94       0xb2 c:/winavr-20100110/bin/../lib/gcc/avr/4.3.3/avr5\libgcc.a(_fpcmp_parts_sf.o)
                0x00000a94                __fpcmp_parts_f
 .text          0x00000b46        0x0 c:/winavr-20100110/bin/../lib/gcc/avr/4.3.3/../../../../avr/lib/avr5\libc.a(itoa.o)
 .text          0x00000b46        0x0 c:/winavr-20100110/bin/../lib/gcc/avr/4.3.3/../../../../avr/lib/avr5\libc.a(strrev.o)
 .text          0x00000b46        0x0 c:/winavr-20100110/bin/../lib/gcc/avr/4.3.3/avr5\libgcc.a(_udivmodhi4.o)
                0x00000b46                . = ALIGN (0x2)
 *(.text.*)
 .text.__vector_1
                0x00000b46       0x66 ./MCAL/interupts/src/MCAL_interrupts.o
                0x00000b46                __vector_1
 .text.__vector_2
                0x00000bac       0x66 ./MCAL/interupts/src/MCAL_interrupts.o
                0x00000bac                __vector_2
 .text.__vector_3
                0x00000c12       0x66 ./MCAL/interupts/src/MCAL_interrupts.o
                0x00000c12                __vector_3
 .text.initExternalInterrupt
                0x00000c78       0xca ./MCAL/interupts/src/MCAL_interrupts.o
                0x00000c78                initExternalInterrupt
 .text.configExternalInterruptSensitivity
                0x00000d42      0x1ca ./MCAL/interupts/src/MCAL_interrupts.o
                0x00000d42                configExternalInterruptSensitivity
 .text.disableExternalInterrupt
                0x00000f0c       0x7c ./MCAL/interupts/src/MCAL_interrupts.o
                0x00000f0c                disableExternalInterrupt
 .text.disableGlobalInterrupts
                0x00000f88       0x26 ./MCAL/interupts/src/MCAL_interrupts.o
                0x00000f88                disableGlobalInterrupts
 .text.enableGlobalInterrupts
                0x00000fae       0x26 ./MCAL/interupts/src/MCAL_interrupts.o
                0x00000fae                enableGlobalInterrupts
 .text.WDG_Enable
                0x00000fd4      0x11a ./MCAL/WDG/WDG.o
                0x00000fd4                WDG_Enable
 .text.WDG_Disable
                0x000010ee       0x24 ./MCAL/WDG/WDG.o
                0x000010ee                WDG_Disable
 .text.WDG_Refresh
                0x00001112       0x36 ./MCAL/WDG/WDG.o
                0x00001112                WDG_Refresh
 .text.UART_init
                0x00001148       0x38 ./MCAL/UART/UART.o
                0x00001148                UART_init
 .text.UART_transmitAsynchronous
                0x00001180       0x92 ./MCAL/UART/UART.o
                0x00001180                UART_transmitAsynchronous
 .text.UART_recieveAsynchronous
                0x00001212       0x8c ./MCAL/UART/UART.o
                0x00001212                UART_recieveAsynchronous
 .text.UART_transmit
                0x0000129e       0x72 ./MCAL/UART/UART.o
                0x0000129e                UART_transmit
 .text.UART_recieve
                0x00001310       0x52 ./MCAL/UART/UART.o
                0x00001310                UART_recieve
 .text.UART_TxIntStatus
                0x00001362       0x4c ./MCAL/UART/UART.o
                0x00001362                UART_TxIntStatus
 .text.UART_RxIntStatus
                0x000013ae       0x44 ./MCAL/UART/UART.o
                0x000013ae                UART_RxIntStatus
 .text.__vector_14
                0x000013f2       0x6a ./MCAL/UART/UART.o
                0x000013f2                __vector_14
 .text.__vector_13
                0x0000145c       0x5c ./MCAL/UART/UART.o
                0x0000145c                __vector_13
 .text.stub1    0x000014b8        0xe ./MCAL/Timer/TIM0.o
                0x000014b8                stub1
 .text.stub2    0x000014c6        0xe ./MCAL/Timer/TIM0.o
                0x000014c6                stub2
 .text.TIM0_init
                0x000014d4       0x96 ./MCAL/Timer/TIM0.o
                0x000014d4                TIM0_init
 .text.TIM0_overFlowIntState
                0x0000156a       0x3e ./MCAL/Timer/TIM0.o
                0x0000156a                TIM0_overFlowIntState
 .text.TIM0_compareMatchIntState
                0x000015a8       0x3e ./MCAL/Timer/TIM0.o
                0x000015a8                TIM0_compareMatchIntState
 .text.TIM0_setTCNT0
                0x000015e6       0x1c ./MCAL/Timer/TIM0.o
                0x000015e6                TIM0_setTCNT0
 .text.TIM0_setOCRO
                0x00001602       0x1c ./MCAL/Timer/TIM0.o
                0x00001602                TIM0_setOCRO
 .text.TIM0_forceOutputCompare
                0x0000161e       0x3e ./MCAL/Timer/TIM0.o
                0x0000161e                TIM0_forceOutputCompare
 .text.TIM0_setOvfIntCallback
                0x0000165c       0x24 ./MCAL/Timer/TIM0.o
                0x0000165c                TIM0_setOvfIntCallback
 .text.TIM0_setCmIntCallback
                0x00001680       0x24 ./MCAL/Timer/TIM0.o
                0x00001680                TIM0_setCmIntCallback
 .text.SPI_init
                0x000016a4       0x72 ./MCAL/SPI/SPI.o
                0x000016a4                SPI_init
 .text.SPI_transmit
                0x00001716       0x2c ./MCAL/SPI/SPI.o
                0x00001716                SPI_transmit
 .text.SPI_recieve
                0x00001742       0x36 ./MCAL/SPI/SPI.o
                0x00001742                SPI_recieve
 .text.SPI_transmitAsynchronous
                0x00001778       0x92 ./MCAL/SPI/SPI.o
                0x00001778                SPI_transmitAsynchronous
 .text.SPI_recieveAsynchronous
                0x0000180a       0x8c ./MCAL/SPI/SPI.o
                0x0000180a                SPI_recieveAsynchronous
 .text.SPI_TransferIntStatus
                0x00001896       0x44 ./MCAL/SPI/SPI.o
                0x00001896                SPI_TransferIntStatus
 .text.__vector_12
                0x000018da       0xa2 ./MCAL/SPI/SPI.o
                0x000018da                __vector_12
 .text.ICU_init
                0x0000197c        0xe ./MCAL/ICU/ICU.o
                0x0000197c                ICU_init
 .text.ICU_getTimerCaptureVal
                0x0000198a       0x3e ./MCAL/ICU/ICU.o
                0x0000198a                ICU_getTimerCaptureVal
 .text.ICU_isCaptureUpdated
                0x000019c8       0x2e ./MCAL/ICU/ICU.o
                0x000019c8                ICU_isCaptureUpdated
 .text.ICU_clearCaptureIntFlag
                0x000019f6       0x1e ./MCAL/ICU/ICU.o
                0x000019f6                ICU_clearCaptureIntFlag
 .text.ICU_captureIntStatus
                0x00001a14       0x4a ./MCAL/ICU/ICU.o
                0x00001a14                ICU_captureIntStatus
 .text.ICU_setEdgeTrigger
                0x00001a5e       0x5a ./MCAL/ICU/ICU.o
                0x00001a5e                ICU_setEdgeTrigger
 .text.ICU_setCallBack
                0x00001ab8       0x24 ./MCAL/ICU/ICU.o
                0x00001ab8                ICU_setCallBack
 .text.__vector_6
                0x00001adc       0x5a ./MCAL/ICU/ICU.o
                0x00001adc                __vector_6
 .text.TWI_Init
                0x00001b36       0x3a ./MCAL/I2C/I2C.o
                0x00001b36                TWI_Init
 .text.TWI_Start
                0x00001b70       0x26 ./MCAL/I2C/I2C.o
                0x00001b70                TWI_Start
 .text.TWI_Stop
                0x00001b96       0x1c ./MCAL/I2C/I2C.o
                0x00001b96                TWI_Stop
 .text.TWI_Write
                0x00001bb2       0x36 ./MCAL/I2C/I2C.o
                0x00001bb2                TWI_Write
 .text.TWI_ReadACK
                0x00001be8       0x26 ./MCAL/I2C/I2C.o
                0x00001be8                TWI_ReadACK
 .text.TWI_ReadNACK
                0x00001c0e       0x26 ./MCAL/I2C/I2C.o
                0x00001c0e                TWI_ReadNACK
 .text.TWI_GetStatus
                0x00001c34       0x1e ./MCAL/I2C/I2C.o
                0x00001c34                TWI_GetStatus
 .text.DIO_init
                0x00001c52      0x214 ./MCAL/DIO/src/DIO.o
                0x00001c52                DIO_init
 .text.DIO_read
                0x00001e66      0x132 ./MCAL/DIO/src/DIO.o
                0x00001e66                DIO_read
 .text.DIO_write
                0x00001f98      0x214 ./MCAL/DIO/src/DIO.o
                0x00001f98                DIO_write
 .text.ADC_init
                0x000021ac       0xba ./MCAL/ADC/ADC.o
                0x000021ac                ADC_init
 .text.ADC_u8StartConversion
                0x00002266       0x94 ./MCAL/ADC/ADC.o
                0x00002266                ADC_u8StartConversion
 .text.ADC_u16GetLastValue
                0x000022fa       0x50 ./MCAL/ADC/ADC.o
                0x000022fa                ADC_u16GetLastValue
 .text.ADC_enable
                0x0000234a       0x1c ./MCAL/ADC/ADC.o
                0x0000234a                ADC_enable
 .text.ADC_disable
                0x00002366       0x1c ./MCAL/ADC/ADC.o
                0x00002366                ADC_disable
 .text.ADC_enableInterrupt
                0x00002382       0x1c ./MCAL/ADC/ADC.o
                0x00002382                ADC_enableInterrupt
 .text.ADC_disableInterrupt
                0x0000239e       0x1c ./MCAL/ADC/ADC.o
                0x0000239e                ADC_disableInterrupt
 .text.ADC_voidSetCallBack
                0x000023ba       0x24 ./MCAL/ADC/ADC.o
                0x000023ba                ADC_voidSetCallBack
 .text.__vector_16
                0x000023de       0x5a ./MCAL/ADC/ADC.o
                0x000023de                __vector_16
 .text.initSevenSegment
                0x00002438      0x114 ./HAL/seven/src/HAL_seven.o
                0x00002438                initSevenSegment
 .text.controlSevenSegment
                0x0000254c       0x62 ./HAL/seven/src/HAL_seven.o
                0x0000254c                controlSevenSegment
 .text.writeToSevenSegment
                0x000025ae      0x11a ./HAL/seven/src/HAL_seven.o
                0x000025ae                writeToSevenSegment
 .text.writeDecimalPoint
                0x000026c8       0x66 ./HAL/seven/src/HAL_seven.o
 .text.TurnOnDecimalPoint
                0x0000272e       0x1c ./HAL/seven/src/HAL_seven.o
                0x0000272e                TurnOnDecimalPoint
 .text.TurnOffDecimalPoint
                0x0000274a       0x1c ./HAL/seven/src/HAL_seven.o
                0x0000274a                TurnOffDecimalPoint
 .text.initLed  0x00002766       0x76 ./HAL/LED/src/HAL_led.o
                0x00002766                initLed
 .text.changeLedState
                0x000027dc       0x7c ./HAL/LED/src/HAL_led.o
 .text.turnOnLed
                0x00002858       0x1c ./HAL/LED/src/HAL_led.o
                0x00002858                turnOnLed
 .text.turnOffLed
                0x00002874       0x1c ./HAL/LED/src/HAL_led.o
                0x00002874                turnOffLed
 .text.toogleLed
                0x00002890      0x20c ./HAL/LED/src/HAL_led.o
                0x00002890                toogleLed
 .text.LCD_outToDataLines
                0x00002a9c      0x9ae ./HAL/LCD/src/HAL_lcd.o
 .text.LCD_sendCommand
                0x0000344a       0x36 ./HAL/LCD/src/HAL_lcd.o
 .text.LCD_init
                0x00003480       0xc8 ./HAL/LCD/src/HAL_lcd.o
                0x00003480                LCD_init
 .text.LCD_clearScreen
                0x00003548       0x14 ./HAL/LCD/src/HAL_lcd.o
                0x00003548                LCD_clearScreen
 .text.LCD_turnOnCursor
                0x0000355c       0x14 ./HAL/LCD/src/HAL_lcd.o
                0x0000355c                LCD_turnOnCursor
 .text.LCD_turnOffCursor
                0x00003570       0x14 ./HAL/LCD/src/HAL_lcd.o
                0x00003570                LCD_turnOffCursor
 .text.LCD_displayCharacter
                0x00003584       0x36 ./HAL/LCD/src/HAL_lcd.o
                0x00003584                LCD_displayCharacter
 .text.LCD_displayString
                0x000035ba       0x48 ./HAL/LCD/src/HAL_lcd.o
                0x000035ba                LCD_displayString
 .text.LCD_setCursorPos
                0x00003602       0x62 ./HAL/LCD/src/HAL_lcd.o
                0x00003602                LCD_setCursorPos
 .text.LCD_displayString_rowCol
                0x00003664       0x46 ./HAL/LCD/src/HAL_lcd.o
                0x00003664                LCD_displayString_rowCol
 .text.LCD_displayInteger
                0x000036aa       0x4e ./HAL/LCD/src/HAL_lcd.o
                0x000036aa                LCD_displayInteger
 .text.LCD_writeCustomChar
                0x000036f8       0x72 ./HAL/LCD/src/HAL_lcd.o
                0x000036f8                LCD_writeCustomChar
 .text.LCD_displayCustomChar
                0x0000376a       0x3e ./HAL/LCD/src/HAL_lcd.o
                0x0000376a                LCD_displayCustomChar
 .text.initKeypad
                0x000037a8       0xf2 ./HAL/KEYPAD/src/HAL_KEYPAD.o
                0x000037a8                initKeypad
 .text.GetPressedKey
                0x0000389a      0x16a ./HAL/KEYPAD/src/HAL_KEYPAD.o
                0x0000389a                GetPressedKey
 .text.initButton
                0x00003a04       0x76 ./HAL/BUTTON/src/HAL_BUTTON.o
                0x00003a04                initButton
 .text.getButtonState
                0x00003a7a      0x3ca ./HAL/BUTTON/src/HAL_BUTTON.o
                0x00003a7a                getButtonState
 .text.Timer0_CTC_Square_Wave_Init
                0x00003e44       0x32 ./timer2_main.o
                0x00003e44                Timer0_CTC_Square_Wave_Init
 .text.main     0x00003e76        0xe ./timer2_main.o
                0x00003e76                main
 .text.libgcc   0x00003e84        0x0 c:/winavr-20100110/bin/../lib/gcc/avr/4.3.3/avr5\libgcc.a(_exit.o)
 .text.libgcc   0x00003e84        0x0 c:/winavr-20100110/bin/../lib/gcc/avr/4.3.3/avr5\libgcc.a(_copy_data.o)
 .text.libgcc   0x00003e84        0x0 c:/winavr-20100110/bin/../lib/gcc/avr/4.3.3/avr5\libgcc.a(_clear_bss.o)
 .text.libgcc   0x00003e84       0x38 c:/winavr-20100110/bin/../lib/gcc/avr/4.3.3/avr5\libgcc.a(_prologue.o)
                0x00003e84                __prologue_saves__
 .text.libgcc   0x00003ebc       0x36 c:/winavr-20100110/bin/../lib/gcc/avr/4.3.3/avr5\libgcc.a(_epilogue.o)
                0x00003ebc                __epilogue_restores__
 .text.avr-libc
                0x00003ef2       0x42 c:/winavr-20100110/bin/../lib/gcc/avr/4.3.3/../../../../avr/lib/avr5\libc.a(itoa.o)
                0x00003ef2                itoa
 .text.avr-libc
                0x00003f34       0x20 c:/winavr-20100110/bin/../lib/gcc/avr/4.3.3/../../../../avr/lib/avr5\libc.a(strrev.o)
                0x00003f34                strrev
 .text.libgcc   0x00003f54       0x28 c:/winavr-20100110/bin/../lib/gcc/avr/4.3.3/avr5\libgcc.a(_udivmodhi4.o)
                0x00003f54                __udivmodhi4
                0x00003f7c                . = ALIGN (0x2)
 *(.fini9)
 .fini9         0x00003f7c        0x0 c:/winavr-20100110/bin/../lib/gcc/avr/4.3.3/avr5\libgcc.a(_exit.o)
                0x00003f7c                exit
                0x00003f7c                _exit
 *(.fini9)
 *(.fini8)
 *(.fini8)
 *(.fini7)
 *(.fini7)
 *(.fini6)
 *(.fini6)
 *(.fini5)
 *(.fini5)
 *(.fini4)
 *(.fini4)
 *(.fini3)
 *(.fini3)
 *(.fini2)
 *(.fini2)
 *(.fini1)
 *(.fini1)
 *(.fini0)
 .fini0         0x00003f7c        0x4 c:/winavr-20100110/bin/../lib/gcc/avr/4.3.3/avr5\libgcc.a(_exit.o)
 *(.fini0)
                0x00003f80                _etext = .

.data           0x00800060        0xc load address 0x00003f80
                0x00800060                PROVIDE (__data_start, .)
 *(.data)
 .data          0x00800060        0x0 c:/winavr-20100110/bin/../lib/gcc/avr/4.3.3/../../../../avr/lib/avr5/crtm32.o
 .data          0x00800060        0x0 ./MCAL/interupts/src/MCAL_interrupts.o
 .data          0x00800060        0x0 ./MCAL/WDG/WDG.o
 .data          0x00800060        0x0 ./MCAL/WDG/WDG_cfg.o
 .data          0x00800060        0x0 ./MCAL/UART/UART.o
 .data          0x00800060        0x0 ./MCAL/UART/UART_cfg.o
 .data          0x00800060        0x0 ./MCAL/Timer/TIM0.o
 .data          0x00800060        0x0 ./MCAL/Timer/TIM0_cfg.o
 .data          0x00800060        0x0 ./MCAL/SPI/SPI.o
 .data          0x00800060        0x0 ./MCAL/SPI/SPI_cfg.o
 .data          0x00800060        0x0 ./MCAL/ICU/ICU.o
 .data          0x00800060        0x0 ./MCAL/ICU/ICU_cfg.o
 .data          0x00800060        0x0 ./MCAL/I2C/I2C.o
 .data          0x00800060        0x0 ./MCAL/DIO/src/DIO.o
 .data          0x00800060        0x0 ./MCAL/ADC/ADC.o
 .data          0x00800060        0x0 ./MCAL/ADC/ADC_cfg.o
 .data          0x00800060        0x0 ./HAL/seven/src/HAL_seven.o
 .data          0x00800060        0x0 ./HAL/LED/src/HAL_led.o
 .data          0x00800060        0x0 ./HAL/LCD/src/HAL_lcd.o
 .data          0x00800060        0x0 ./HAL/KEYPAD/src/HAL_KEYPAD.o
 .data          0x00800060        0x0 ./HAL/BUTTON/src/HAL_BUTTON.o
 .data          0x00800060        0x0 ./LCD_main.o
 .data          0x00800060        0x0 ./LED_main.o
 .data          0x00800060        0x0 ./Seven_main.o
 .data          0x00800060        0x0 ./interrupts_main.o
 .data          0x00800060        0x0 ./maintest.o
 .data          0x00800060        0x0 ./timer2_main.o
 .data          0x00800060        0x0 ./timer_main.o
 .data          0x00800060        0x0 c:/winavr-20100110/bin/../lib/gcc/avr/4.3.3/avr5\libgcc.a(_exit.o)
 .data          0x00800060        0x0 c:/winavr-20100110/bin/../lib/gcc/avr/4.3.3/avr5\libgcc.a(_copy_data.o)
 .data          0x00800060        0x0 c:/winavr-20100110/bin/../lib/gcc/avr/4.3.3/avr5\libgcc.a(_clear_bss.o)
 .data          0x00800060        0x0 c:/winavr-20100110/bin/../lib/gcc/avr/4.3.3/avr5\libgcc.a(_fixunssfsi.o)
 .data          0x00800060        0x0 c:/winavr-20100110/bin/../lib/gcc/avr/4.3.3/avr5\libgcc.a(_addsub_sf.o)
 .data          0x00800060        0x0 c:/winavr-20100110/bin/../lib/gcc/avr/4.3.3/avr5\libgcc.a(_mul_sf.o)
 .data          0x00800060        0x0 c:/winavr-20100110/bin/../lib/gcc/avr/4.3.3/avr5\libgcc.a(_gt_sf.o)
 .data          0x00800060        0x0 c:/winavr-20100110/bin/../lib/gcc/avr/4.3.3/avr5\libgcc.a(_ge_sf.o)
 .data          0x00800060        0x0 c:/winavr-20100110/bin/../lib/gcc/avr/4.3.3/avr5\libgcc.a(_lt_sf.o)
 .data          0x00800060        0x0 c:/winavr-20100110/bin/../lib/gcc/avr/4.3.3/avr5\libgcc.a(_sf_to_si.o)
 .data          0x00800060        0x8 c:/winavr-20100110/bin/../lib/gcc/avr/4.3.3/avr5\libgcc.a(_thenan_sf.o)
                0x00800060                __thenan_sf
 .data          0x00800068        0x0 c:/winavr-20100110/bin/../lib/gcc/avr/4.3.3/avr5\libgcc.a(_prologue.o)
 .data          0x00800068        0x0 c:/winavr-20100110/bin/../lib/gcc/avr/4.3.3/avr5\libgcc.a(_epilogue.o)
 .data          0x00800068        0x0 c:/winavr-20100110/bin/../lib/gcc/avr/4.3.3/avr5\libgcc.a(_pack_sf.o)
 .data          0x00800068        0x0 c:/winavr-20100110/bin/../lib/gcc/avr/4.3.3/avr5\libgcc.a(_unpack_sf.o)
 .data          0x00800068        0x0 c:/winavr-20100110/bin/../lib/gcc/avr/4.3.3/avr5\libgcc.a(_fpcmp_parts_sf.o)
 .data          0x00800068        0x0 c:/winavr-20100110/bin/../lib/gcc/avr/4.3.3/../../../../avr/lib/avr5\libc.a(itoa.o)
 .data          0x00800068        0x0 c:/winavr-20100110/bin/../lib/gcc/avr/4.3.3/../../../../avr/lib/avr5\libc.a(strrev.o)
 .data          0x00800068        0x0 c:/winavr-20100110/bin/../lib/gcc/avr/4.3.3/avr5\libgcc.a(_udivmodhi4.o)
 *(.data*)
 .data.colpins  0x00800068        0x4 ./HAL/KEYPAD/src/HAL_KEYPAD.o
 *(.rodata)
 *(.rodata*)
 *(.gnu.linkonce.d*)
                0x0080006c                . = ALIGN (0x2)
                0x0080006c                _edata = .
                0x0080006c                PROVIDE (__data_end, .)

.bss            0x0080006c      0x1a6
                0x0080006c                PROVIDE (__bss_start, .)
 *(.bss)
 .bss           0x0080006c        0x0 c:/winavr-20100110/bin/../lib/gcc/avr/4.3.3/../../../../avr/lib/avr5/crtm32.o
 .bss           0x0080006c        0x0 ./MCAL/interupts/src/MCAL_interrupts.o
 .bss           0x0080006c        0x0 ./MCAL/WDG/WDG.o
 .bss           0x0080006c        0x0 ./MCAL/WDG/WDG_cfg.o
 .bss           0x0080006c        0x0 ./MCAL/UART/UART.o
 .bss           0x0080006c        0x0 ./MCAL/UART/UART_cfg.o
 .bss           0x0080006c        0x0 ./MCAL/Timer/TIM0.o
 .bss           0x0080006c        0x0 ./MCAL/Timer/TIM0_cfg.o
 .bss           0x0080006c        0x0 ./MCAL/SPI/SPI.o
 .bss           0x0080006c        0x0 ./MCAL/SPI/SPI_cfg.o
 .bss           0x0080006c        0x0 ./MCAL/ICU/ICU.o
 .bss           0x0080006c        0x0 ./MCAL/ICU/ICU_cfg.o
 .bss           0x0080006c        0x0 ./MCAL/I2C/I2C.o
 .bss           0x0080006c        0x0 ./MCAL/DIO/src/DIO.o
 .bss           0x0080006c        0x0 ./MCAL/ADC/ADC.o
 .bss           0x0080006c        0x0 ./MCAL/ADC/ADC_cfg.o
 .bss           0x0080006c        0x0 ./HAL/seven/src/HAL_seven.o
 .bss           0x0080006c        0x0 ./HAL/LED/src/HAL_led.o
 .bss           0x0080006c        0x0 ./HAL/LCD/src/HAL_lcd.o
 .bss           0x0080006c        0x0 ./HAL/KEYPAD/src/HAL_KEYPAD.o
 .bss           0x0080006c        0x0 ./HAL/BUTTON/src/HAL_BUTTON.o
 .bss           0x0080006c        0x0 ./LCD_main.o
 .bss           0x0080006c        0x0 ./LED_main.o
 .bss           0x0080006c        0x0 ./Seven_main.o
 .bss           0x0080006c        0x0 ./interrupts_main.o
 .bss           0x0080006c        0x0 ./maintest.o
 .bss           0x0080006c        0x0 ./timer2_main.o
 .bss           0x0080006c        0x0 ./timer_main.o
 .bss           0x0080006c        0x0 c:/winavr-20100110/bin/../lib/gcc/avr/4.3.3/avr5\libgcc.a(_exit.o)
 .bss           0x0080006c        0x0 c:/winavr-20100110/bin/../lib/gcc/avr/4.3.3/avr5\libgcc.a(_copy_data.o)
 .bss           0x0080006c        0x0 c:/winavr-20100110/bin/../lib/gcc/avr/4.3.3/avr5\libgcc.a(_clear_bss.o)
 .bss           0x0080006c        0x0 c:/winavr-20100110/bin/../lib/gcc/avr/4.3.3/avr5\libgcc.a(_fixunssfsi.o)
 .bss           0x0080006c        0x0 c:/winavr-20100110/bin/../lib/gcc/avr/4.3.3/avr5\libgcc.a(_addsub_sf.o)
 .bss           0x0080006c        0x0 c:/winavr-20100110/bin/../lib/gcc/avr/4.3.3/avr5\libgcc.a(_mul_sf.o)
 .bss           0x0080006c        0x0 c:/winavr-20100110/bin/../lib/gcc/avr/4.3.3/avr5\libgcc.a(_gt_sf.o)
 .bss           0x0080006c        0x0 c:/winavr-20100110/bin/../lib/gcc/avr/4.3.3/avr5\libgcc.a(_ge_sf.o)
 .bss           0x0080006c        0x0 c:/winavr-20100110/bin/../lib/gcc/avr/4.3.3/avr5\libgcc.a(_lt_sf.o)
 .bss           0x0080006c        0x0 c:/winavr-20100110/bin/../lib/gcc/avr/4.3.3/avr5\libgcc.a(_sf_to_si.o)
 .bss           0x0080006c        0x0 c:/winavr-20100110/bin/../lib/gcc/avr/4.3.3/avr5\libgcc.a(_thenan_sf.o)
 .bss           0x0080006c        0x0 c:/winavr-20100110/bin/../lib/gcc/avr/4.3.3/avr5\libgcc.a(_prologue.o)
 .bss           0x0080006c        0x0 c:/winavr-20100110/bin/../lib/gcc/avr/4.3.3/avr5\libgcc.a(_epilogue.o)
 .bss           0x0080006c        0x0 c:/winavr-20100110/bin/../lib/gcc/avr/4.3.3/avr5\libgcc.a(_pack_sf.o)
 .bss           0x0080006c        0x0 c:/winavr-20100110/bin/../lib/gcc/avr/4.3.3/avr5\libgcc.a(_unpack_sf.o)
 .bss           0x0080006c        0x0 c:/winavr-20100110/bin/../lib/gcc/avr/4.3.3/avr5\libgcc.a(_fpcmp_parts_sf.o)
 .bss           0x0080006c        0x0 c:/winavr-20100110/bin/../lib/gcc/avr/4.3.3/../../../../avr/lib/avr5\libc.a(itoa.o)
 .bss           0x0080006c        0x0 c:/winavr-20100110/bin/../lib/gcc/avr/4.3.3/../../../../avr/lib/avr5\libc.a(strrev.o)
 .bss           0x0080006c        0x0 c:/winavr-20100110/bin/../lib/gcc/avr/4.3.3/avr5\libgcc.a(_udivmodhi4.o)
 *(.bss*)
 .bss.INT0_callBackPtr
                0x0080006c        0x2 ./MCAL/interupts/src/MCAL_interrupts.o
 .bss.INT1_callBackPtr
                0x0080006e        0x2 ./MCAL/interupts/src/MCAL_interrupts.o
 .bss.INT2_callBackPtr
                0x00800070        0x2 ./MCAL/interupts/src/MCAL_interrupts.o
 .bss.tx_buffer
                0x00800072       0x64 ./MCAL/UART/UART.o
 .bss.rx_buffer
                0x008000d6       0x64 ./MCAL/UART/UART.o
 .bss.tx_counter
                0x0080013a        0x1 ./MCAL/UART/UART.o
 .bss.rx_counter
                0x0080013b        0x1 ./MCAL/UART/UART.o
 .bss.tx_transmit_size
                0x0080013c        0x1 ./MCAL/UART/UART.o
 .bss.tx_buffer
                0x0080013d       0x64 ./MCAL/SPI/SPI.o
 .bss.rx_buffer
                0x008001a1       0x64 ./MCAL/SPI/SPI.o
 .bss.tx_counter
                0x00800205        0x1 ./MCAL/SPI/SPI.o
 .bss.rx_counter
                0x00800206        0x1 ./MCAL/SPI/SPI.o
 .bss.tx_transmit_size
                0x00800207        0x1 ./MCAL/SPI/SPI.o
 .bss.u16Result
                0x00800208        0x2 ./MCAL/ADC/ADC.o
 *(COMMON)
 COMMON         0x0080020a        0x4 ./MCAL/Timer/TIM0.o
                0x0080020a                cmCallback
                0x0080020c                ovfCallback
 COMMON         0x0080020e        0x2 ./MCAL/ICU/ICU.o
                0x0080020e                ICU_CALLBACK_FUNC
 COMMON         0x00800210        0x2 ./MCAL/ADC/ADC.o
                0x00800210                ADC_CALLBACK_FUNC
                0x00800212                PROVIDE (__bss_end, .)
                0x00003f80                __data_load_start = LOADADDR (.data)
                0x00003f8c                __data_load_end = (__data_load_start + SIZEOF (.data))

.noinit         0x00800212        0x0
                0x00800212                PROVIDE (__noinit_start, .)
 *(.noinit*)
                0x00800212                PROVIDE (__noinit_end, .)
                0x00800212                _end = .
                0x00800212                PROVIDE (__heap_start, .)

.eeprom         0x00810000        0x0
 *(.eeprom*)
                0x00810000                __eeprom_end = .

.fuse
 *(.fuse)
 *(.lfuse)
 *(.hfuse)
 *(.efuse)

.lock
 *(.lock*)

.signature
 *(.signature*)

.stab           0x00000000     0x6660
 *(.stab)
 .stab          0x00000000      0xa20 ./MCAL/interupts/src/MCAL_interrupts.o
 .stab          0x00000a20      0x378 ./MCAL/WDG/WDG.o
                                0x384 (size before relaxing)
 .stab          0x00000d98       0xd8 ./MCAL/WDG/WDG_cfg.o
                                 0xe4 (size before relaxing)
 .stab          0x00000e70      0x6c0 ./MCAL/UART/UART.o
                                0x6cc (size before relaxing)
 .stab          0x00001530       0xd8 ./MCAL/UART/UART_cfg.o
                                 0xe4 (size before relaxing)
 .stab          0x00001608      0x498 ./MCAL/Timer/TIM0.o
                                0x4a4 (size before relaxing)
 .stab          0x00001aa0       0xd8 ./MCAL/Timer/TIM0_cfg.o
                                 0xe4 (size before relaxing)
 .stab          0x00001b78      0x600 ./MCAL/SPI/SPI.o
                                0x60c (size before relaxing)
 .stab          0x00002178       0xd8 ./MCAL/SPI/SPI_cfg.o
                                 0xe4 (size before relaxing)
 .stab          0x00002250      0x3cc ./MCAL/ICU/ICU.o
                                0x3d8 (size before relaxing)
 .stab          0x0000261c       0xd8 ./MCAL/ICU/ICU_cfg.o
                                 0xe4 (size before relaxing)
 .stab          0x000026f4      0x3d8 ./MCAL/I2C/I2C.o
                                0x588 (size before relaxing)
 .stab          0x00002acc      0x6fc ./MCAL/DIO/src/DIO.o
                                0x75c (size before relaxing)
 .stab          0x000031c8      0x4b0 ./MCAL/ADC/ADC.o
                                0x4bc (size before relaxing)
 .stab          0x00003678       0xd8 ./MCAL/ADC/ADC_cfg.o
                                 0xe4 (size before relaxing)
 .stab          0x00003750      0x654 ./HAL/seven/src/HAL_seven.o
                                0x7ec (size before relaxing)
 .stab          0x00003da4      0x618 ./HAL/LED/src/HAL_led.o
                                0x7b0 (size before relaxing)
 .stab          0x000043bc      0xe70 ./HAL/LCD/src/HAL_lcd.o
                               0x105c (size before relaxing)
 .stab          0x0000522c      0x4b0 ./HAL/KEYPAD/src/HAL_KEYPAD.o
                                0x648 (size before relaxing)
 .stab          0x000056dc      0x684 ./HAL/BUTTON/src/HAL_BUTTON.o
                                0x81c (size before relaxing)
 .stab          0x00005d60       0xd8 ./LCD_main.o
                                 0xe4 (size before relaxing)
 .stab          0x00005e38       0xd8 ./LED_main.o
                                 0xe4 (size before relaxing)
 .stab          0x00005f10      0x24c ./Seven_main.o
                                0x3e4 (size before relaxing)
 .stab          0x0000615c      0x1c8 ./interrupts_main.o
                                0x504 (size before relaxing)
 .stab          0x00006324       0xd8 ./maintest.o
                                 0xe4 (size before relaxing)
 .stab          0x000063fc      0x18c ./timer2_main.o
                                0x348 (size before relaxing)
 .stab          0x00006588       0xd8 ./timer_main.o
                                 0xe4 (size before relaxing)

.stabstr        0x00000000     0x2b09
 *(.stabstr)
 .stabstr       0x00000000     0x2b09 ./MCAL/interupts/src/MCAL_interrupts.o

.stab.excl
 *(.stab.excl)

.stab.exclstr
 *(.stab.exclstr)

.stab.index
 *(.stab.index)

.stab.indexstr
 *(.stab.indexstr)

.comment
 *(.comment)

.debug
 *(.debug)

.line
 *(.line)

.debug_srcinfo
 *(.debug_srcinfo)

.debug_sfnames
 *(.debug_sfnames)

.debug_aranges  0x00000000      0x140
 *(.debug_aranges)
 .debug_aranges
                0x00000000       0x20 c:/winavr-20100110/bin/../lib/gcc/avr/4.3.3/avr5\libgcc.a(_fixunssfsi.o)
 .debug_aranges
                0x00000020       0x20 c:/winavr-20100110/bin/../lib/gcc/avr/4.3.3/avr5\libgcc.a(_addsub_sf.o)
 .debug_aranges
                0x00000040       0x20 c:/winavr-20100110/bin/../lib/gcc/avr/4.3.3/avr5\libgcc.a(_mul_sf.o)
 .debug_aranges
                0x00000060       0x20 c:/winavr-20100110/bin/../lib/gcc/avr/4.3.3/avr5\libgcc.a(_gt_sf.o)
 .debug_aranges
                0x00000080       0x20 c:/winavr-20100110/bin/../lib/gcc/avr/4.3.3/avr5\libgcc.a(_ge_sf.o)
 .debug_aranges
                0x000000a0       0x20 c:/winavr-20100110/bin/../lib/gcc/avr/4.3.3/avr5\libgcc.a(_lt_sf.o)
 .debug_aranges
                0x000000c0       0x20 c:/winavr-20100110/bin/../lib/gcc/avr/4.3.3/avr5\libgcc.a(_sf_to_si.o)
 .debug_aranges
                0x000000e0       0x20 c:/winavr-20100110/bin/../lib/gcc/avr/4.3.3/avr5\libgcc.a(_pack_sf.o)
 .debug_aranges
                0x00000100       0x20 c:/winavr-20100110/bin/../lib/gcc/avr/4.3.3/avr5\libgcc.a(_unpack_sf.o)
 .debug_aranges
                0x00000120       0x20 c:/winavr-20100110/bin/../lib/gcc/avr/4.3.3/avr5\libgcc.a(_fpcmp_parts_sf.o)

.debug_pubnames
                0x00000000      0x170
 *(.debug_pubnames)
 .debug_pubnames
                0x00000000       0x23 c:/winavr-20100110/bin/../lib/gcc/avr/4.3.3/avr5\libgcc.a(_fixunssfsi.o)
 .debug_pubnames
                0x00000023       0x2c c:/winavr-20100110/bin/../lib/gcc/avr/4.3.3/avr5\libgcc.a(_addsub_sf.o)
 .debug_pubnames
                0x0000004f       0x1f c:/winavr-20100110/bin/../lib/gcc/avr/4.3.3/avr5\libgcc.a(_mul_sf.o)
 .debug_pubnames
                0x0000006e       0x1e c:/winavr-20100110/bin/../lib/gcc/avr/4.3.3/avr5\libgcc.a(_gt_sf.o)
 .debug_pubnames
                0x0000008c       0x1e c:/winavr-20100110/bin/../lib/gcc/avr/4.3.3/avr5\libgcc.a(_ge_sf.o)
 .debug_pubnames
                0x000000aa       0x1e c:/winavr-20100110/bin/../lib/gcc/avr/4.3.3/avr5\libgcc.a(_lt_sf.o)
 .debug_pubnames
                0x000000c8       0x20 c:/winavr-20100110/bin/../lib/gcc/avr/4.3.3/avr5\libgcc.a(_sf_to_si.o)
 .debug_pubnames
                0x000000e8       0x22 c:/winavr-20100110/bin/../lib/gcc/avr/4.3.3/avr5\libgcc.a(_thenan_sf.o)
 .debug_pubnames
                0x0000010a       0x1f c:/winavr-20100110/bin/../lib/gcc/avr/4.3.3/avr5\libgcc.a(_pack_sf.o)
 .debug_pubnames
                0x00000129       0x21 c:/winavr-20100110/bin/../lib/gcc/avr/4.3.3/avr5\libgcc.a(_unpack_sf.o)
 .debug_pubnames
                0x0000014a       0x26 c:/winavr-20100110/bin/../lib/gcc/avr/4.3.3/avr5\libgcc.a(_fpcmp_parts_sf.o)

.debug_info     0x00000000     0x1c49
 *(.debug_info)
 .debug_info    0x00000000       0xb1 c:/winavr-20100110/bin/../lib/gcc/avr/4.3.3/avr5\libgcc.a(_fixunssfsi.o)
 .debug_info    0x000000b1      0x47a c:/winavr-20100110/bin/../lib/gcc/avr/4.3.3/avr5\libgcc.a(_addsub_sf.o)
 .debug_info    0x0000052b      0x485 c:/winavr-20100110/bin/../lib/gcc/avr/4.3.3/avr5\libgcc.a(_mul_sf.o)
 .debug_info    0x000009b0      0x27f c:/winavr-20100110/bin/../lib/gcc/avr/4.3.3/avr5\libgcc.a(_gt_sf.o)
 .debug_info    0x00000c2f      0x27f c:/winavr-20100110/bin/../lib/gcc/avr/4.3.3/avr5\libgcc.a(_ge_sf.o)
 .debug_info    0x00000eae      0x27f c:/winavr-20100110/bin/../lib/gcc/avr/4.3.3/avr5\libgcc.a(_lt_sf.o)
 .debug_info    0x0000112d      0x2b0 c:/winavr-20100110/bin/../lib/gcc/avr/4.3.3/avr5\libgcc.a(_sf_to_si.o)
 .debug_info    0x000013dd      0x12c c:/winavr-20100110/bin/../lib/gcc/avr/4.3.3/avr5\libgcc.a(_thenan_sf.o)
 .debug_info    0x00001509      0x2df c:/winavr-20100110/bin/../lib/gcc/avr/4.3.3/avr5\libgcc.a(_pack_sf.o)
 .debug_info    0x000017e8      0x251 c:/winavr-20100110/bin/../lib/gcc/avr/4.3.3/avr5\libgcc.a(_unpack_sf.o)
 .debug_info    0x00001a39      0x210 c:/winavr-20100110/bin/../lib/gcc/avr/4.3.3/avr5\libgcc.a(_fpcmp_parts_sf.o)
 *(.gnu.linkonce.wi.*)

.debug_abbrev   0x00000000      0xeeb
 *(.debug_abbrev)
 .debug_abbrev  0x00000000       0x5d c:/winavr-20100110/bin/../lib/gcc/avr/4.3.3/avr5\libgcc.a(_fixunssfsi.o)
 .debug_abbrev  0x0000005d      0x1ea c:/winavr-20100110/bin/../lib/gcc/avr/4.3.3/avr5\libgcc.a(_addsub_sf.o)
 .debug_abbrev  0x00000247      0x21b c:/winavr-20100110/bin/../lib/gcc/avr/4.3.3/avr5\libgcc.a(_mul_sf.o)
 .debug_abbrev  0x00000462      0x15a c:/winavr-20100110/bin/../lib/gcc/avr/4.3.3/avr5\libgcc.a(_gt_sf.o)
 .debug_abbrev  0x000005bc      0x15a c:/winavr-20100110/bin/../lib/gcc/avr/4.3.3/avr5\libgcc.a(_ge_sf.o)
 .debug_abbrev  0x00000716      0x15a c:/winavr-20100110/bin/../lib/gcc/avr/4.3.3/avr5\libgcc.a(_lt_sf.o)
 .debug_abbrev  0x00000870      0x17f c:/winavr-20100110/bin/../lib/gcc/avr/4.3.3/avr5\libgcc.a(_sf_to_si.o)
 .debug_abbrev  0x000009ef       0xad c:/winavr-20100110/bin/../lib/gcc/avr/4.3.3/avr5\libgcc.a(_thenan_sf.o)
 .debug_abbrev  0x00000a9c      0x1c0 c:/winavr-20100110/bin/../lib/gcc/avr/4.3.3/avr5\libgcc.a(_pack_sf.o)
 .debug_abbrev  0x00000c5c      0x154 c:/winavr-20100110/bin/../lib/gcc/avr/4.3.3/avr5\libgcc.a(_unpack_sf.o)
 .debug_abbrev  0x00000db0      0x13b c:/winavr-20100110/bin/../lib/gcc/avr/4.3.3/avr5\libgcc.a(_fpcmp_parts_sf.o)

.debug_line     0x00000000      0xdad
 *(.debug_line)
 .debug_line    0x00000000       0xa7 c:/winavr-20100110/bin/../lib/gcc/avr/4.3.3/avr5\libgcc.a(_fixunssfsi.o)
 .debug_line    0x000000a7      0x2af c:/winavr-20100110/bin/../lib/gcc/avr/4.3.3/avr5\libgcc.a(_addsub_sf.o)
 .debug_line    0x00000356      0x239 c:/winavr-20100110/bin/../lib/gcc/avr/4.3.3/avr5\libgcc.a(_mul_sf.o)
 .debug_line    0x0000058f       0xd3 c:/winavr-20100110/bin/../lib/gcc/avr/4.3.3/avr5\libgcc.a(_gt_sf.o)
 .debug_line    0x00000662       0xd3 c:/winavr-20100110/bin/../lib/gcc/avr/4.3.3/avr5\libgcc.a(_ge_sf.o)
 .debug_line    0x00000735       0xd3 c:/winavr-20100110/bin/../lib/gcc/avr/4.3.3/avr5\libgcc.a(_lt_sf.o)
 .debug_line    0x00000808      0x109 c:/winavr-20100110/bin/../lib/gcc/avr/4.3.3/avr5\libgcc.a(_sf_to_si.o)
 .debug_line    0x00000911       0x90 c:/winavr-20100110/bin/../lib/gcc/avr/4.3.3/avr5\libgcc.a(_thenan_sf.o)
 .debug_line    0x000009a1      0x18a c:/winavr-20100110/bin/../lib/gcc/avr/4.3.3/avr5\libgcc.a(_pack_sf.o)
 .debug_line    0x00000b2b      0x14b c:/winavr-20100110/bin/../lib/gcc/avr/4.3.3/avr5\libgcc.a(_unpack_sf.o)
 .debug_line    0x00000c76      0x137 c:/winavr-20100110/bin/../lib/gcc/avr/4.3.3/avr5\libgcc.a(_fpcmp_parts_sf.o)

.debug_frame    0x00000000      0x160
 *(.debug_frame)
 .debug_frame   0x00000000       0x20 c:/winavr-20100110/bin/../lib/gcc/avr/4.3.3/avr5\libgcc.a(_fixunssfsi.o)
 .debug_frame   0x00000020       0x40 c:/winavr-20100110/bin/../lib/gcc/avr/4.3.3/avr5\libgcc.a(_addsub_sf.o)
 .debug_frame   0x00000060       0x20 c:/winavr-20100110/bin/../lib/gcc/avr/4.3.3/avr5\libgcc.a(_mul_sf.o)
 .debug_frame   0x00000080       0x20 c:/winavr-20100110/bin/../lib/gcc/avr/4.3.3/avr5\libgcc.a(_gt_sf.o)
 .debug_frame   0x000000a0       0x20 c:/winavr-20100110/bin/../lib/gcc/avr/4.3.3/avr5\libgcc.a(_ge_sf.o)
 .debug_frame   0x000000c0       0x20 c:/winavr-20100110/bin/../lib/gcc/avr/4.3.3/avr5\libgcc.a(_lt_sf.o)
 .debug_frame   0x000000e0       0x20 c:/winavr-20100110/bin/../lib/gcc/avr/4.3.3/avr5\libgcc.a(_sf_to_si.o)
 .debug_frame   0x00000100       0x20 c:/winavr-20100110/bin/../lib/gcc/avr/4.3.3/avr5\libgcc.a(_pack_sf.o)
 .debug_frame   0x00000120       0x20 c:/winavr-20100110/bin/../lib/gcc/avr/4.3.3/avr5\libgcc.a(_unpack_sf.o)
 .debug_frame   0x00000140       0x20 c:/winavr-20100110/bin/../lib/gcc/avr/4.3.3/avr5\libgcc.a(_fpcmp_parts_sf.o)

.debug_str      0x00000000      0x28d
 *(.debug_str)
 .debug_str     0x00000000       0xbf c:/winavr-20100110/bin/../lib/gcc/avr/4.3.3/avr5\libgcc.a(_fixunssfsi.o)
                                 0xfe (size before relaxing)
 .debug_str     0x000000bf      0x14d c:/winavr-20100110/bin/../lib/gcc/avr/4.3.3/avr5\libgcc.a(_addsub_sf.o)
                                0x206 (size before relaxing)
 .debug_str     0x0000020c       0x27 c:/winavr-20100110/bin/../lib/gcc/avr/4.3.3/avr5\libgcc.a(_mul_sf.o)
                                0x1bf (size before relaxing)
 .debug_str     0x00000233        0xf c:/winavr-20100110/bin/../lib/gcc/avr/4.3.3/avr5\libgcc.a(_gt_sf.o)
                                0x195 (size before relaxing)
 .debug_str     0x00000242        0x8 c:/winavr-20100110/bin/../lib/gcc/avr/4.3.3/avr5\libgcc.a(_ge_sf.o)
                                0x195 (size before relaxing)
 .debug_str     0x0000024a        0x8 c:/winavr-20100110/bin/../lib/gcc/avr/4.3.3/avr5\libgcc.a(_lt_sf.o)
                                0x195 (size before relaxing)
 .debug_str     0x00000252        0xa c:/winavr-20100110/bin/../lib/gcc/avr/4.3.3/avr5\libgcc.a(_sf_to_si.o)
                                0x19e (size before relaxing)
 .debug_str     0x00000000      0x103 c:/winavr-20100110/bin/../lib/gcc/avr/4.3.3/avr5\libgcc.a(_thenan_sf.o)
 .debug_str     0x0000025c       0x16 c:/winavr-20100110/bin/../lib/gcc/avr/4.3.3/avr5\libgcc.a(_pack_sf.o)
                                0x19d (size before relaxing)
 .debug_str     0x00000272        0xb c:/winavr-20100110/bin/../lib/gcc/avr/4.3.3/avr5\libgcc.a(_unpack_sf.o)
                                0x17f (size before relaxing)
 .debug_str     0x0000027d       0x10 c:/winavr-20100110/bin/../lib/gcc/avr/4.3.3/avr5\libgcc.a(_fpcmp_parts_sf.o)
                                0x163 (size before relaxing)

.debug_loc      0x00000000      0x7ce
 *(.debug_loc)
 .debug_loc     0x00000000       0x34 c:/winavr-20100110/bin/../lib/gcc/avr/4.3.3/avr5\libgcc.a(_fixunssfsi.o)
 .debug_loc     0x00000034      0x32a c:/winavr-20100110/bin/../lib/gcc/avr/4.3.3/avr5\libgcc.a(_addsub_sf.o)
 .debug_loc     0x0000035e      0x104 c:/winavr-20100110/bin/../lib/gcc/avr/4.3.3/avr5\libgcc.a(_mul_sf.o)
 .debug_loc     0x00000462       0x3c c:/winavr-20100110/bin/../lib/gcc/avr/4.3.3/avr5\libgcc.a(_gt_sf.o)
 .debug_loc     0x0000049e       0x3c c:/winavr-20100110/bin/../lib/gcc/avr/4.3.3/avr5\libgcc.a(_ge_sf.o)
 .debug_loc     0x000004da       0x3c c:/winavr-20100110/bin/../lib/gcc/avr/4.3.3/avr5\libgcc.a(_lt_sf.o)
 .debug_loc     0x00000516       0x7e c:/winavr-20100110/bin/../lib/gcc/avr/4.3.3/avr5\libgcc.a(_sf_to_si.o)
 .debug_loc     0x00000594      0x13e c:/winavr-20100110/bin/../lib/gcc/avr/4.3.3/avr5\libgcc.a(_pack_sf.o)
 .debug_loc     0x000006d2       0xac c:/winavr-20100110/bin/../lib/gcc/avr/4.3.3/avr5\libgcc.a(_unpack_sf.o)
 .debug_loc     0x0000077e       0x50 c:/winavr-20100110/bin/../lib/gcc/avr/4.3.3/avr5\libgcc.a(_fpcmp_parts_sf.o)

.debug_macinfo
 *(.debug_macinfo)
OUTPUT(Drivers_AVR_Atmega32.elf elf32-avr)
LOAD linker stubs

.debug_ranges   0x00000000       0x50
 .debug_ranges  0x00000000       0x50 c:/winavr-20100110/bin/../lib/gcc/avr/4.3.3/avr5\libgcc.a(_mul_sf.o)
